$ vite build
vite v7.2.4 building ssr environment for production...
✔ [paraglide-js] Compilation complete (message-modules)
transforming...
/*! 🌼 daisyUI 5.5.5 */
Found 1 warning while optimizing generated CSS:

[2m│ }[22m
[2m│ @layer base {[22m
[2m│[22m   @property --radialprogress {
[2m┆[22m            [33m[2m^--[22m Unknown at rule: @property[39m
[2m┆[22m
[2m│     syntax: "<percentage>";[22m
[2m│     inherits: true;[22m

✓ 221 modules transformed.
rendering chunks...
vite v7.2.4 building client environment for production...
✔ [paraglide-js] Compilation complete (message-modules)
transforming...
Found 1 warning while optimizing generated CSS:

[2m│ }[22m
[2m│ @layer base {[22m
[2m│[22m   @property --radialprogress {
[2m┆[22m            [33m[2m^--[22m Unknown at rule: @property[39m
[2m┆[22m
[2m│     syntax: "<percentage>";[22m
[2m│     inherits: true;[22m

✓ 182 modules transformed.
rendering chunks...
computing gzip size...
.svelte-kit/output/client/_app/version.json                        0.03 kB │ gzip:  0.05 kB
.svelte-kit/output/client/.vite/manifest.json                      4.67 kB │ gzip:  0.78 kB
.svelte-kit/output/client/_app/immutable/assets/3.4E4ip2Sr.css     2.30 kB │ gzip:  0.84 kB
.svelte-kit/output/client/_app/immutable/assets/0.BmiIa432.css    53.61 kB │ gzip:  9.87 kB
.svelte-kit/output/client/_app/immutable/chunks/40FQYKIi.js        0.04 kB │ gzip:  0.06 kB
.svelte-kit/output/client/_app/immutable/entry/start.BOrOJbwY.js   0.08 kB │ gzip:  0.09 kB
.svelte-kit/output/client/_app/immutable/chunks/Cx1_B_0G.js        0.11 kB │ gzip:  0.10 kB
.svelte-kit/output/client/_app/immutable/chunks/X1zKt-3-.js        0.24 kB │ gzip:  0.20 kB
.svelte-kit/output/client/_app/immutable/chunks/DJD-5Lob.js        0.38 kB │ gzip:  0.28 kB
.svelte-kit/output/client/_app/immutable/chunks/kCaKzAeZ.js        0.51 kB │ gzip:  0.33 kB
.svelte-kit/output/client/_app/immutable/nodes/1.BtZyTJI4.js       0.55 kB │ gzip:  0.35 kB
.svelte-kit/output/client/_app/immutable/chunks/f5Vsx1ag.js        1.27 kB │ gzip:  0.71 kB
.svelte-kit/output/client/_app/immutable/nodes/2.Duh924-2.js       1.88 kB │ gzip:  1.06 kB
.svelte-kit/output/client/_app/immutable/chunks/BiT_IzGJ.js        2.46 kB │ gzip:  1.26 kB
.svelte-kit/output/client/_app/immutable/nodes/0.BrA1gDxi.js       4.02 kB │ gzip:  2.02 kB
.svelte-kit/output/client/_app/immutable/chunks/DRmBqiEh.js        4.89 kB │ gzip:  2.27 kB
.svelte-kit/output/client/_app/immutable/entry/app.BsFEqdc4.js     6.01 kB │ gzip:  2.78 kB
.svelte-kit/output/client/_app/immutable/chunks/DPttXRqy.js        6.93 kB │ gzip:  3.06 kB
.svelte-kit/output/client/_app/immutable/nodes/3.BTe-M_tp.js       8.98 kB │ gzip:  2.53 kB
.svelte-kit/output/client/_app/immutable/chunks/Co2KtKzx.js        9.92 kB │ gzip:  4.36 kB
.svelte-kit/output/client/_app/immutable/chunks/bQiEueVZ.js       23.25 kB │ gzip:  9.08 kB
.svelte-kit/output/client/_app/immutable/chunks/1H6XGUoC.js       25.67 kB │ gzip: 10.10 kB
✓ built in 1.57s
.svelte-kit/output/server/.vite/manifest.json                              4.70 kB
.svelte-kit/output/server/_app/immutable/assets/_page.DkBeWBcH.css         2.28 kB
.svelte-kit/output/server/_app/immutable/assets/_layout.BmiIa432.css      53.61 kB
.svelte-kit/output/server/chunks/hooks.js                                  0.15 kB
.svelte-kit/output/server/chunks/environment.js                            0.19 kB
.svelte-kit/output/server/internal.js                                      0.38 kB
.svelte-kit/output/server/chunks/state.svelte.js                           0.39 kB
.svelte-kit/output/server/chunks/themes.js                                 0.48 kB
.svelte-kit/output/server/chunks/server.js                                 0.49 kB
.svelte-kit/output/server/chunks/app_title.js                              0.88 kB
.svelte-kit/output/server/entries/fallbacks/error.svelte.js                1.09 kB
.svelte-kit/output/server/chunks/utils.js                                  1.15 kB
.svelte-kit/output/server/chunks/index.js                                  1.43 kB
.svelte-kit/output/server/chunks/hooks.server.js                           2.15 kB
.svelte-kit/output/server/chunks/context.js                                3.12 kB
.svelte-kit/output/server/entries/pages/_layout.svelte.js                  3.64 kB
.svelte-kit/output/server/chunks/ThemeCard.js                              3.90 kB
.svelte-kit/output/server/chunks/exports.js                                5.52 kB
.svelte-kit/output/server/entries/pages/_page.svelte.js                    6.18 kB
.svelte-kit/output/server/chunks/runtime.js                                9.04 kB
.svelte-kit/output/server/entries/pages/preview/_theme_/_page.svelte.js   15.96 kB
.svelte-kit/output/server/chunks/shared.js                                17.66 kB
.svelte-kit/output/server/remote-entry.js                                 18.87 kB
.svelte-kit/output/server/chunks/internal.js                              29.10 kB
.svelte-kit/output/server/chunks/index2.js                                76.44 kB
.svelte-kit/output/server/index.js                                       126.20 kB
✓ built in 6.02s

Run npm run preview to preview your production build locally.

> Using @sveltejs/adapter-auto
  Could not detect a supported production environment. See https://svelte.dev/docs/kit/adapters to learn how to configure your app to run on the platform of your choosing
  ✔ done
